<?xml version="1.0" encoding="utf-8"?>
<TestRun id="09ba7d7d-11bf-4c4e-b25a-aa0bb31c01cf" name="@frandeMac-mini 2026-10-06 11:04:55" xmlns="http://microsoft.com/schemas/VisualStudio/TeamTest/2010">
  <Times creation="2026-10-06T11:04:55.5582400+08:00" queuing="2026-10-06T11:04:55.5582400+08:00" start="2026-10-06T11:04:54.8740240+08:00" finish="2026-10-06T11:04:59.4597120+08:00" />
  <TestSettings name="default" id="a9c9a14e-3b31-407c-8117-3e4d0b66c037">
    <Deployment runDeploymentRoot="_frandeMac-mini_2026-10-06_11_04_55" />
  </TestSettings>
  <Results>
    <UnitTestResult executionId="d213e3d6-70cb-4ec4-b167-574f2f2fbca8" testId="ba31b40d-6540-10bd-037f-48f30755018d" testName="UniClaw.Host.Tests.SettingsCoverageScenarioTests.MultiStepActProposal_IsRejectedAsDirectiveDeviation" computerName="frandeMac-mini" duration="00:00:00.0047439" startTime="2026-10-06T11:04:59.4113470+08:00" endTime="2026-10-06T11:04:59.4113470+08:00" testType="13cdc9d9-ddb5-4fa4-a97d-d965ccfc6d4b" outcome="Passed" testListId="8c84fa94-04c1-424b-9868-57a2d4851a1d" relativeResultsDirectory="d213e3d6-70cb-4ec4-b167-574f2f2fbca8" />
    <UnitTestResult executionId="29bc8066-c2c8-4c2f-9627-f024ffe1ac77" testId="b6ec8fd0-bce1-7960-0cdd-ba374909164c" testName="UniClaw.Host.Tests.SettingsCoverageDirectorPlanTests.PopupStillPresent_AfterRetries_StopsBounded_FailClosed" computerName="frandeMac-mini" duration="00:00:00.0029137" startTime="2026-10-06T11:04:55.3681880+08:00" endTime="2026-10-06T11:04:55.3681880+08:00" testType="13cdc9d9-ddb5-4fa4-a97d-d965ccfc6d4b" outcome="Passed" testListId="8c84fa94-04c1-424b-9868-57a2d4851a1d" relativeResultsDirectory="29bc8066-c2c8-4c2f-9627-f024ffe1ac77" />
    <UnitTestResult executionId="e45dcfc6-2c68-41dc-87b3-78b040987f70" testId="da94c5be-a9a6-e6ad-ef96-df3566b18500" testName="UniClaw.Host.Tests.SettingsCoverageLedgerTests.MaxStepsReached_AfterExecutingBoundSteps" computerName="frandeMac-mini" duration="00:00:00.0001196" startTime="2026-10-06T11:04:59.4236150+08:00" endTime="2026-10-06T11:04:59.4236150+08:00" testType="13cdc9d9-ddb5-4fa4-a97d-d965ccfc6d4b" outcome="Passed" testListId="8c84fa94-04c1-424b-9868-57a2d4851a1d" relativeResultsDirectory="e45dcfc6-2c68-41dc-87b3-78b040987f70" />
    <UnitTestResult executionId="f95f5415-7ce9-4a0b-bcf1-edb2e4ec4261" testId="dcde615e-2fa1-4805-fb50-14cbeb0d17dd" testName="UniClaw.Host.Tests.SettingsCoverageLedgerTests.RootObservation_CoversRootPage" computerName="frandeMac-mini" duration="00:00:00.0001755" startTime="2026-10-06T11:04:59.4236330+08:00" endTime="2026-10-06T11:04:59.4236330+08:00" testType="13cdc9d9-ddb5-4fa4-a97d-d965ccfc6d4b" outcome="Passed" testListId="8c84fa94-04c1-424b-9868-57a2d4851a1d" relativeResultsDirectory="f95f5415-7ce9-4a0b-bcf1-edb2e4ec4261" />
    <UnitTestResult executionId="059b5c4b-3157-4321-af63-4b3ba496f9ba" testId="1f7c1c5e-c3eb-091b-30ed-bc40f30a21e9" testName="UniClaw.Host.Tests.SettingsCoverageLedgerTests.EnteredScrollCandidate_IsNotReEntered_NextDirectiveAdvances" computerName="frandeMac-mini" duration="00:00:00.0018594" startTime="2026-10-06T11:04:59.4217050+08:00" endTime="2026-10-06T11:04:59.4217050+08:00" testType="13cdc9d9-ddb5-4fa4-a97d-d965ccfc6d4b" outcome="Passed" testListId="8c84fa94-04c1-424b-9868-57a2d4851a1d" relativeResultsDirectory="059b5c4b-3157-4321-af63-4b3ba496f9ba" />
    <UnitTestResult executionId="386ed483-2212-44a3-ac98-38c9861f9449" testId="e3a95080-05ef-5a3c-07fe-be9466b86266" testName="UniClaw.Host.Tests.SettingsActionPolicyTests.GuardDecision_RejectsBeforeKernelDispatch" computerName="frandeMac-mini" duration="00:00:00.0019882" startTime="2026-10-06T11:04:59.4177750+08:00" endTime="2026-10-06T11:04:59.4177750+08:00" testType="13cdc9d9-ddb5-4fa4-a97d-d965ccfc6d4b" outcome="Passed" testListId="8c84fa94-04c1-424b-9868-57a2d4851a1d" relativeResultsDirectory="386ed483-2212-44a3-ac98-38c9861f9449" />
    <UnitTestResult executionId="0160c7cc-6fbc-4e5f-aec7-559e01d81da6" testId="7df6a76a-62b2-618f-d905-71a052f53321" testName="UniClaw.Host.Tests.SettingsCoverageScenarioTests.PersistentUnknownPage_StopsHonestlyAfterDeferBudget" computerName="frandeMac-mini" duration="00:00:00.0050925" startTime="2026-10-06T11:04:56.1908660+08:00" endTime="2026-10-06T11:04:56.1908660+08:00" testType="13cdc9d9-ddb5-4fa4-a97d-d965ccfc6d4b" outcome="Passed" testListId="8c84fa94-04c1-424b-9868-57a2d4851a1d" relativeResultsDirectory="0160c7cc-6fbc-4e5f-aec7-559e01d81da6" />
    <UnitTestResult executionId="d6ebaae9-0bca-4d32-9524-cfd2fc59d6c9" testId="99642049-86e0-fa08-cfa9-4d562434c426" testName="UniClaw.Host.Tests.SettingsCoverageScenarioTests.WriteEvidenceFile_PersistsPayloadUnderCaptureId" computerName="frandeMac-mini" duration="00:00:00.0036775" startTime="2026-10-06T11:04:57.9312530+08:00" endTime="2026-10-06T11:04:57.9312530+08:00" testType="13cdc9d9-ddb5-4fa4-a97d-d965ccfc6d4b" outcome="Passed" testListId="8c84fa94-04c1-424b-9868-57a2d4851a1d" relativeResultsDirectory="d6ebaae9-0bca-4d32-9524-cfd2fc59d6c9" />
    <UnitTestResult executionId="13e5154b-fb79-4202-ae05-a778475d0656" testId="e18d8848-9d22-a9ad-2927-68052df1a9de" testName="UniClaw.Host.Tests.SettingsCoverageScenarioTests.MaxStepsBound_StopsHonestlyWithUncoveredItems" computerName="frandeMac-mini" duration="00:00:00.1078942" startTime="2026-10-06T11:04:56.9762370+08:00" endTime="2026-10-06T11:04:56.9762370+08:00" testType="13cdc9d9-ddb5-4fa4-a97d-d965ccfc6d4b" outcome="Passed" testListId="8c84fa94-04c1-424b-9868-57a2d4851a1d" relativeResultsDirectory="13e5154b-fb79-4202-ae05-a778475d0656" />
    <UnitTestResult executionId="8676849b-b785-477e-9579-ae644f927878" testId="8724e41a-3015-b8a5-4d98-1c09a1f72d30" testName="UniClaw.Host.Tests.SettingsCoverageDirectorPlanTests.Plan_WithMultipleActItems_FailsClosed" computerName="frandeMac-mini" duration="00:00:00.0005773" startTime="2026-10-06T11:04:55.3738140+08:00" endTime="2026-10-06T11:04:55.3738140+08:00" testType="13cdc9d9-ddb5-4fa4-a97d-d965ccfc6d4b" outcome="Passed" testListId="8c84fa94-04c1-424b-9868-57a2d4851a1d" relativeResultsDirectory="8676849b-b785-477e-9579-ae644f927878" />
    <UnitTestResult executionId="10dbd56d-b120-43c4-bfdc-d07bb2ccb4a9" testId="c5aaf809-6c49-7546-bc17-019733565fe0" testName="UniClaw.Host.Tests.SettingsActionPolicyTests.MissingRequiredPolicy_FailsClosed" computerName="frandeMac-mini" duration="00:00:00.0007547" startTime="2026-10-06T11:04:59.4185590+08:00" endTime="2026-10-06T11:04:59.4185590+08:00" testType="13cdc9d9-ddb5-4fa4-a97d-d965ccfc6d4b" outcome="Passed" testListId="8c84fa94-04c1-424b-9868-57a2d4851a1d" relativeResultsDirectory="10dbd56d-b120-43c4-bfdc-d07bb2ccb4a9" />
    <UnitTestResult executionId="9c31d9d9-41e0-4f4d-bf5d-c9058fb4373d" testId="f8d35699-5e09-c43e-6eee-46683b68f389" testName="UniClaw.Host.Tests.SettingsCoverageLedgerTests.Report_ComputesCoverageAndStepSuccessRates" computerName="frandeMac-mini" duration="00:00:00.0005825" startTime="2026-10-06T11:04:59.4283010+08:00" endTime="2026-10-06T11:04:59.4283010+08:00" testType="13cdc9d9-ddb5-4fa4-a97d-d965ccfc6d4b" outcome="Passed" testListId="8c84fa94-04c1-424b-9868-57a2d4851a1d" relativeResultsDirectory="9c31d9d9-41e0-4f4d-bf5d-c9058fb4373d" />
    <UnitTestResult executionId="6b0f2987-0981-4cdd-ab05-0021bcefea78" testId="fee0ed75-2ab8-e504-9fa0-1951144ebdfd" testName="UniClaw.Host.Tests.SettingsCoverageLedgerTests.EnterAllTargetsAndBack_CoversFirstLevelSecondLevelAndBack" computerName="frandeMac-mini" duration="00:00:00.0002405" startTime="2026-10-06T11:04:59.4232840+08:00" endTime="2026-10-06T11:04:59.4232840+08:00" testType="13cdc9d9-ddb5-4fa4-a97d-d965ccfc6d4b" outcome="Passed" testListId="8c84fa94-04c1-424b-9868-57a2d4851a1d" relativeResultsDirectory="6b0f2987-0981-4cdd-ab05-0021bcefea78" />
    <UnitTestResult executionId="d7181022-5d6c-450e-8df8-671ae36cc134" testId="105622a5-9b55-da2a-5346-bced4eafc848" testName="UniClaw.Host.Tests.SettingsActionPolicyTests.ForbiddenAndUnknownTargets_AreRejectedBeforeDispatch" computerName="frandeMac-mini" duration="00:00:00.0001639" startTime="2026-10-06T11:04:59.4191110+08:00" endTime="2026-10-06T11:04:59.4191110+08:00" testType="13cdc9d9-ddb5-4fa4-a97d-d965ccfc6d4b" outcome="Passed" testListId="8c84fa94-04c1-424b-9868-57a2d4851a1d" relativeResultsDirectory="d7181022-5d6c-450e-8df8-671ae36cc134" />
    <UnitTestResult executionId="e07ec82f-cd52-415b-bcff-34bdd92c0f13" testId="5a4c3960-42ae-f0de-4539-b296d43adcce" testName="UniClaw.Host.Tests.SettingsCoverageLedgerTests.DuplicateDispatchedStepsWithoutVerifiedBetween_FlagsFirstDivergence" computerName="frandeMac-mini" duration="00:00:00.0001444" startTime="2026-10-06T11:04:59.4277050+08:00" endTime="2026-10-06T11:04:59.4277050+08:00" testType="13cdc9d9-ddb5-4fa4-a97d-d965ccfc6d4b" outcome="Passed" testListId="8c84fa94-04c1-424b-9868-57a2d4851a1d" relativeResultsDirectory="e07ec82f-cd52-415b-bcff-34bdd92c0f13" />
    <UnitTestResult executionId="4231fb09-aa6c-4d94-a388-8cd63ea961bd" testId="612b21a0-bf32-2061-fe3d-fe9446191c2c" testName="UniClaw.Host.Tests.SettingsCoverageDirectorPlanTests.ConstrainedPlan_SingleMatchingAct_WithObserveControlTail_IsAccepted" computerName="frandeMac-mini" duration="00:00:00.0001470" startTime="2026-10-06T11:04:55.3867140+08:00" endTime="2026-10-06T11:04:55.3867140+08:00" testType="13cdc9d9-ddb5-4fa4-a97d-d965ccfc6d4b" outcome="Passed" testListId="8c84fa94-04c1-424b-9868-57a2d4851a1d" relativeResultsDirectory="4231fb09-aa6c-4d94-a388-8cd63ea961bd" />
    <UnitTestResult executionId="7c6523b0-cfa6-4cca-830c-c4734322260d" testId="154cb871-5e17-9b66-16d1-6194a9bc0287" testName="UniClaw.Host.Tests.SettingsActionPolicyTests.DefaultProfile_LoadsRequiredPolicyBeforeConsultation" computerName="frandeMac-mini" duration="00:00:00.0001261" startTime="2026-10-06T11:04:59.4192540+08:00" endTime="2026-10-06T11:04:59.4192540+08:00" testType="13cdc9d9-ddb5-4fa4-a97d-d965ccfc6d4b" outcome="Passed" testListId="8c84fa94-04c1-424b-9868-57a2d4851a1d" relativeResultsDirectory="7c6523b0-cfa6-4cca-830c-c4734322260d" />
    <UnitTestResult executionId="8f0f1c19-9ed7-4b91-8c8c-f87a3990ac06" testId="e64109a8-80cc-8d32-34d6-802054496982" testName="UniClaw.Host.Tests.SettingsCoverageDirectorPlanTests.UnknownPage_DeferPath_StillWorks" computerName="frandeMac-mini" duration="00:00:00.0143427" startTime="2026-10-06T11:04:55.3653670+08:00" endTime="2026-10-06T11:04:55.3653740+08:00" testType="13cdc9d9-ddb5-4fa4-a97d-d965ccfc6d4b" outcome="Passed" testListId="8c84fa94-04c1-424b-9868-57a2d4851a1d" relativeResultsDirectory="8f0f1c19-9ed7-4b91-8c8c-f87a3990ac06" />
    <UnitTestResult executionId="a9fa1c6d-f701-41c9-a89d-d521d71a8670" testId="1cceafad-3c14-502a-a42e-233f6d12c571" testName="UniClaw.Host.Tests.SettingsCoverageLedgerTests.ConsecutiveFailures_TriggerMaxConsecutiveFailuresReached" computerName="frandeMac-mini" duration="00:00:00.0004243" startTime="2026-10-06T11:04:59.4221600+08:00" endTime="2026-10-06T11:04:59.4221600+08:00" testType="13cdc9d9-ddb5-4fa4-a97d-d965ccfc6d4b" outcome="Passed" testListId="8c84fa94-04c1-424b-9868-57a2d4851a1d" relativeResultsDirectory="a9fa1c6d-f701-41c9-a89d-d521d71a8670" />
    <UnitTestResult executionId="8f7a5b7e-47a1-4a08-934b-a26b4755a47a" testId="067b9c8d-11a0-c2c3-e1e2-c65fecd2905a" testName="UniClaw.Host.Tests.SettingsCoverageScenarioTests.DeviatingModel_RecoversViaBoundedCorrectiveReconsult" computerName="frandeMac-mini" duration="00:00:00.5323911" startTime="2026-10-06T11:04:59.4065260+08:00" endTime="2026-10-06T11:04:59.4065260+08:00" testType="13cdc9d9-ddb5-4fa4-a97d-d965ccfc6d4b" outcome="Passed" testListId="8c84fa94-04c1-424b-9868-57a2d4851a1d" relativeResultsDirectory="8f7a5b7e-47a1-4a08-934b-a26b4755a47a" />
    <UnitTestResult executionId="47abab92-9cce-4b16-a35f-5c5a120d198b" testId="7585019d-227c-fc0c-31f3-99847f5208a7" testName="UniClaw.Host.Tests.SettingsCoverageLedgerTests.BackDescriptor_IsNeverAScrollCandidate" computerName="frandeMac-mini" duration="00:00:00.0001707" startTime="2026-10-06T11:04:59.4226270+08:00" endTime="2026-10-06T11:04:59.4226270+08:00" testType="13cdc9d9-ddb5-4fa4-a97d-d965ccfc6d4b" outcome="Passed" testListId="8c84fa94-04c1-424b-9868-57a2d4851a1d" relativeResultsDirectory="47abab92-9cce-4b16-a35f-5c5a120d198b" />
    <UnitTestResult executionId="e01cbef3-9092-403d-a0ef-f4e58a05993c" testId="69902c45-6ff6-9b49-e5bf-8d0a59d8b2c8" testName="UniClaw.Host.Tests.SettingsCoverageLedgerTests.RepeatedEntry_DifferentReceipts_SatisfiesRepeatedEntry" computerName="frandeMac-mini" duration="00:00:00.0001931" startTime="2026-10-06T11:04:59.4230310+08:00" endTime="2026-10-06T11:04:59.4230310+08:00" testType="13cdc9d9-ddb5-4fa4-a97d-d965ccfc6d4b" outcome="Passed" testListId="8c84fa94-04c1-424b-9868-57a2d4851a1d" relativeResultsDirectory="e01cbef3-9092-403d-a0ef-f4e58a05993c" />
    <UnitTestResult executionId="f20628c1-72a2-46d5-9c7f-06aa78c51849" testId="3632da25-25f3-7e2f-eebf-f3a94728f907" testName="UniClaw.Host.Tests.SettingsCoverageLedgerTests.Report_StatusReflectsCoverageCompletionOrBoundedStop" computerName="frandeMac-mini" duration="00:00:00.0010455" startTime="2026-10-06T11:04:59.4250140+08:00" endTime="2026-10-06T11:04:59.4250140+08:00" testType="13cdc9d9-ddb5-4fa4-a97d-d965ccfc6d4b" outcome="Passed" testListId="8c84fa94-04c1-424b-9868-57a2d4851a1d" relativeResultsDirectory="f20628c1-72a2-46d5-9c7f-06aa78c51849" />
    <UnitTestResult executionId="66bc748e-fffb-4527-b11f-d03b1c03e50a" testId="eb3c7f5a-80ca-5e20-2819-e487f1bf52b7" testName="UniClaw.Host.Tests.SettingsCoverageDirectorPlanTests.PopupPresent_IssuesObstacleDirective_FromConfigVocabulary" computerName="frandeMac-mini" duration="00:00:00.0007333" startTime="2026-10-06T11:04:55.3726390+08:00" endTime="2026-10-06T11:04:55.3726390+08:00" testType="13cdc9d9-ddb5-4fa4-a97d-d965ccfc6d4b" outcome="Passed" testListId="8c84fa94-04c1-424b-9868-57a2d4851a1d" relativeResultsDirectory="66bc748e-fffb-4527-b11f-d03b1c03e50a" />
    <UnitTestResult executionId="718c0f2b-4cdd-4c8a-8076-f5e73ab19eea" testId="f51f7033-7623-2746-64f4-57f1c9f976ba" testName="UniClaw.Host.Tests.SettingsCoverageScenarioTests.ScrollAtBottom_ContentUnchanged_FailsVerification_BoundedStop" computerName="frandeMac-mini" duration="00:00:00.6772116" startTime="2026-10-06T11:04:56.8682070+08:00" endTime="2026-10-06T11:04:56.8682070+08:00" testType="13cdc9d9-ddb5-4fa4-a97d-d965ccfc6d4b" outcome="Passed" testListId="8c84fa94-04c1-424b-9868-57a2d4851a1d" relativeResultsDirectory="718c0f2b-4cdd-4c8a-8076-f5e73ab19eea" />
    <UnitTestResult executionId="b665a674-1446-4286-887e-7809af4368f4" testId="58b83d65-906f-54b5-dced-26f0337e1876" testName="UniClaw.Host.Tests.SettingsActionPolicyTests.UnsatisfiedTargetedToggle_IsAllowedOnce" computerName="frandeMac-mini" duration="00:00:00.0001929" startTime="2026-10-06T11:04:59.4196130+08:00" endTime="2026-10-06T11:04:59.4196130+08:00" testType="13cdc9d9-ddb5-4fa4-a97d-d965ccfc6d4b" outcome="Passed" testListId="8c84fa94-04c1-424b-9868-57a2d4851a1d" relativeResultsDirectory="b665a674-1446-4286-887e-7809af4368f4" />
    <UnitTestResult executionId="de7228b1-7575-4aff-88db-096e784a88b8" testId="2ad419ad-37bd-b997-dafb-ea69106a376a" testName="UniClaw.Host.Tests.SettingsCoverageLedgerTests.UnverifiedScroll_DoesNotCountScrollsOrProduceCandidates" computerName="frandeMac-mini" duration="00:00:00.0001837" startTime="2026-10-06T11:04:59.4228270+08:00" endTime="2026-10-06T11:04:59.4228270+08:00" testType="13cdc9d9-ddb5-4fa4-a97d-d965ccfc6d4b" outcome="Passed" testListId="8c84fa94-04c1-424b-9868-57a2d4851a1d" relativeResultsDirectory="de7228b1-7575-4aff-88db-096e784a88b8" />
    <UnitTestResult executionId="fb465f2e-90a2-4ed3-9ad2-7b7d1e7d6a79" testId="709808cf-b6d9-dc89-ef64-daf68cfc2925" testName="UniClaw.Host.Tests.SettingsActionPolicyTests.AgentProjection_DistinguishesRuntimeTokensFromPolicySemantics" computerName="frandeMac-mini" duration="00:00:00.0039699" startTime="2026-10-06T11:04:59.4157230+08:00" endTime="2026-10-06T11:04:59.4157230+08:00" testType="13cdc9d9-ddb5-4fa4-a97d-d965ccfc6d4b" outcome="Passed" testListId="8c84fa94-04c1-424b-9868-57a2d4851a1d" relativeResultsDirectory="fb465f2e-90a2-4ed3-9ad2-7b7d1e7d6a79" />
    <UnitTestResult executionId="c1928f62-13d2-4683-975b-8d774fc90a32" testId="97587f90-9524-cf4e-f16d-bb607c02c35b" testName="UniClaw.Host.Tests.SettingsActionPolicyTests.SatisfiedTargetedToggle_BecomesNoAction" computerName="frandeMac-mini" duration="00:00:00.0002213" startTime="2026-10-06T11:04:59.4196910+08:00" endTime="2026-10-06T11:04:59.4196910+08:00" testType="13cdc9d9-ddb5-4fa4-a97d-d965ccfc6d4b" outcome="Passed" testListId="8c84fa94-04c1-424b-9868-57a2d4851a1d" relativeResultsDirectory="c1928f62-13d2-4683-975b-8d774fc90a32" />
    <UnitTestResult executionId="cd2c50df-3e71-4e86-960a-d1688010dfab" testId="d03c8e70-094c-6135-f18c-46be42ed1f12" testName="UniClaw.Host.Tests.SettingsCoverageScenarioTests.TransitionalStartupScreen_DefersUntilSettled_ThenCompletes" computerName="frandeMac-mini" duration="00:00:00.9426652" startTime="2026-10-06T11:04:58.8740450+08:00" endTime="2026-10-06T11:04:58.8740450+08:00" testType="13cdc9d9-ddb5-4fa4-a97d-d965ccfc6d4b" outcome="Passed" testListId="8c84fa94-04c1-424b-9868-57a2d4851a1d" relativeResultsDirectory="cd2c50df-3e71-4e86-960a-d1688010dfab" />
    <UnitTestResult executionId="7e3f3188-92ea-4e85-bb5e-01de4a20d27b" testId="69e0b75d-d26e-4e5c-7233-7bd2aa3a6aba" testName="UniClaw.Host.Tests.SettingsCoverageLedgerTests.FrameworkButtonRid_IsNeverAScrollCandidate" computerName="frandeMac-mini" duration="00:00:00.0003467" startTime="2026-10-06T11:04:59.4275460+08:00" endTime="2026-10-06T11:04:59.4275460+08:00" testType="13cdc9d9-ddb5-4fa4-a97d-d965ccfc6d4b" outcome="Passed" testListId="8c84fa94-04c1-424b-9868-57a2d4851a1d" relativeResultsDirectory="7e3f3188-92ea-4e85-bb5e-01de4a20d27b" />
    <UnitTestResult executionId="d1f1f724-b5b5-44e5-b7ba-ee7bf51ad88e" testId="fde154e7-64e6-e333-c6db-3dfa585d9551" testName="UniClaw.Host.Tests.SettingsCoverageDirectorPlanTests.Plan_Oversized_FailsClosed" computerName="frandeMac-mini" duration="00:00:00.0003026" startTime="2026-10-06T11:04:55.3729530+08:00" endTime="2026-10-06T11:04:55.3729530+08:00" testType="13cdc9d9-ddb5-4fa4-a97d-d965ccfc6d4b" outcome="Passed" testListId="8c84fa94-04c1-424b-9868-57a2d4851a1d" relativeResultsDirectory="d1f1f724-b5b5-44e5-b7ba-ee7bf51ad88e" />
    <UnitTestResult executionId="adb9a55b-759b-416c-9b24-18a3fe6a470f" testId="c4feebc9-7d72-a8f0-b8bf-c835293b4b3f" testName="UniClaw.Host.Tests.SettingsCoverageScenarioTests.FullCoverageMission_CompletesWithTraceableSteps" computerName="frandeMac-mini" duration="00:00:00.7245894" startTime="2026-10-06T11:04:56.1856840+08:00" endTime="2026-10-06T11:04:56.1856840+08:00" testType="13cdc9d9-ddb5-4fa4-a97d-d965ccfc6d4b" outcome="Passed" testListId="8c84fa94-04c1-424b-9868-57a2d4851a1d" relativeResultsDirectory="adb9a55b-759b-416c-9b24-18a3fe6a470f" />
    <UnitTestResult executionId="537268a2-a4bd-4735-8ab7-ed5ee5243c96" testId="70ca016a-16da-2c71-e916-e5cea794c31f" testName="UniClaw.Host.Tests.SettingsCoverageScenarioTests.IllegalDesiredStateOnDirectiveStep_IsRejectedByDirector" computerName="frandeMac-mini" duration="00:00:00.1113652" startTime="2026-10-06T11:04:55.4610200+08:00" endTime="2026-10-06T11:04:55.4610200+08:00" testType="13cdc9d9-ddb5-4fa4-a97d-d965ccfc6d4b" outcome="Passed" testListId="8c84fa94-04c1-424b-9868-57a2d4851a1d" relativeResultsDirectory="537268a2-a4bd-4735-8ab7-ed5ee5243c96" />
    <UnitTestResult executionId="61c143c5-07eb-4088-b129-ba43eed0ff2c" testId="32c0e11f-078a-108a-c337-aa28c2160621" testName="UniClaw.Host.Tests.SettingsCoverageDirectorPlanTests.PopupAbsent_ResumesNormalTraversal" computerName="frandeMac-mini" duration="00:00:00.0035962" startTime="2026-10-06T11:04:55.3718720+08:00" endTime="2026-10-06T11:04:55.3718720+08:00" testType="13cdc9d9-ddb5-4fa4-a97d-d965ccfc6d4b" outcome="Passed" testListId="8c84fa94-04c1-424b-9868-57a2d4851a1d" relativeResultsDirectory="61c143c5-07eb-4088-b129-ba43eed0ff2c" />
    <UnitTestResult executionId="62ebd4d7-fc98-41d3-973f-b5aca4519e3a" testId="11daf255-5f94-36f0-0de9-e013032905d0" testName="UniClaw.Host.Tests.SettingsActionPolicyTests.MultiActProposal_IsRejectedBeforePolicyCanBeBypassed" computerName="frandeMac-mini" duration="00:00:00.0003524" startTime="2026-10-06T11:04:59.4189260+08:00" endTime="2026-10-06T11:04:59.4189260+08:00" testType="13cdc9d9-ddb5-4fa4-a97d-d965ccfc6d4b" outcome="Passed" testListId="8c84fa94-04c1-424b-9868-57a2d4851a1d" relativeResultsDirectory="62ebd4d7-fc98-41d3-973f-b5aca4519e3a" />
    <UnitTestResult executionId="6f95ee83-168c-42d8-92c5-f96a4e5899f6" testId="22e9b9ba-cb25-380d-d124-b9d11205d39c" testName="UniClaw.Host.Tests.SettingsCoverageLedgerTests.ScrollDiscoveredEntry_RequiresVerifiedScrollBeforeObservation" computerName="frandeMac-mini" duration="00:00:00.0002703" startTime="2026-10-06T11:04:59.4224430+08:00" endTime="2026-10-06T11:04:59.4224430+08:00" testType="13cdc9d9-ddb5-4fa4-a97d-d965ccfc6d4b" outcome="Passed" testListId="8c84fa94-04c1-424b-9868-57a2d4851a1d" relativeResultsDirectory="6f95ee83-168c-42d8-92c5-f96a4e5899f6" />
    <UnitTestResult executionId="d1df657f-6043-4fc3-830e-aea573fcdc90" testId="525aa1ad-2545-f4a4-4b74-7f434c27f8ef" testName="UniClaw.Host.Tests.SettingsCoverageScenarioTests.PersistentlyDeviatingModel_FailsClosed" computerName="frandeMac-mini" duration="00:00:00.0097058" startTime="2026-10-06T11:04:56.9860100+08:00" endTime="2026-10-06T11:04:56.9860100+08:00" testType="13cdc9d9-ddb5-4fa4-a97d-d965ccfc6d4b" outcome="Passed" testListId="8c84fa94-04c1-424b-9868-57a2d4851a1d" relativeResultsDirectory="d1df657f-6043-4fc3-830e-aea573fcdc90" />
    <UnitTestResult executionId="855d7825-126e-4d0f-a552-c2f6290b6bb8" testId="de9993ab-b0f2-a951-279f-a90da1b41e4d" testName="UniClaw.Host.Tests.SettingsCoverageLedgerTests.FailedEntryCandidate_IsSkipped_NotRetried" computerName="frandeMac-mini" duration="00:00:00.0003355" startTime="2026-10-06T11:04:59.4239650+08:00" endTime="2026-10-06T11:04:59.4239650+08:00" testType="13cdc9d9-ddb5-4fa4-a97d-d965ccfc6d4b" outcome="Passed" testListId="8c84fa94-04c1-424b-9868-57a2d4851a1d" relativeResultsDirectory="855d7825-126e-4d0f-a552-c2f6290b6bb8" />
    <UnitTestResult executionId="e53e84f2-a926-4554-9a60-263361c44902" testId="11a354b6-e8c6-c0ea-c07b-1ca92ee76653" testName="UniClaw.Host.Tests.SettingsCoverageLedgerTests.DuplicateDispatchedStepsWithVerifiedBetween_NotFlagged" computerName="frandeMac-mini" duration="00:00:00.0001518" startTime="2026-10-06T11:04:59.4284990+08:00" endTime="2026-10-06T11:04:59.4284990+08:00" testType="13cdc9d9-ddb5-4fa4-a97d-d965ccfc6d4b" outcome="Passed" testListId="8c84fa94-04c1-424b-9868-57a2d4851a1d" relativeResultsDirectory="e53e84f2-a926-4554-9a60-263361c44902" />
    <UnitTestResult executionId="8b5e7207-464b-40a4-b8fd-7e892dbe80d5" testId="6565a1ee-ebe1-6382-16b4-08ecb24a3520" testName="UniClaw.Host.Tests.SettingsCoverageDirectorPlanTests.Plan_ActOnlyWithoutTail_IsAccepted" computerName="frandeMac-mini" duration="00:00:00.0001303" startTime="2026-10-06T11:04:55.3730960+08:00" endTime="2026-10-06T11:04:55.3730960+08:00" testType="13cdc9d9-ddb5-4fa4-a97d-d965ccfc6d4b" outcome="Passed" testListId="8c84fa94-04c1-424b-9868-57a2d4851a1d" relativeResultsDirectory="8b5e7207-464b-40a4-b8fd-7e892dbe80d5" />
    <UnitTestResult executionId="021d931b-5bc1-4480-8642-d96d0cc025af" testId="0f871261-5ac4-1128-33cb-25b34d694289" testName="UniClaw.Host.Tests.SettingsCoverageDirectorPlanTests.Plan_WithMismatchedAct_FailsClosed" computerName="frandeMac-mini" duration="00:00:00.0001178" startTime="2026-10-06T11:04:55.3732250+08:00" endTime="2026-10-06T11:04:55.3732250+08:00" testType="13cdc9d9-ddb5-4fa4-a97d-d965ccfc6d4b" outcome="Passed" testListId="8c84fa94-04c1-424b-9868-57a2d4851a1d" relativeResultsDirectory="021d931b-5bc1-4480-8642-d96d0cc025af" />
    <UnitTestResult executionId="094d90e5-ed44-4a95-849b-bce7327df32b" testId="c1db7dac-d750-5fc2-0ad9-28edbee9d146" testName="UniClaw.Host.Tests.SettingsCoverageLedgerTests.NextDirective_FollowsPrioritySequence" computerName="frandeMac-mini" duration="00:00:00.0020391" startTime="2026-10-06T11:04:59.4271310+08:00" endTime="2026-10-06T11:04:59.4271310+08:00" testType="13cdc9d9-ddb5-4fa4-a97d-d965ccfc6d4b" outcome="Passed" testListId="8c84fa94-04c1-424b-9868-57a2d4851a1d" relativeResultsDirectory="094d90e5-ed44-4a95-849b-bce7327df32b" />
    <UnitTestResult executionId="2160423a-4a22-4d21-b9c7-dff7d2863389" testId="0f3f33ad-d66f-c671-96ae-c48caecd3e1d" testName="UniClaw.Host.Tests.SettingsCoverageScenarioTests.PopupEpisode_ObstaclePlanClearsPopup_AndResumesTraversalToCompletion" computerName="frandeMac-mini" duration="00:00:00.9413661" startTime="2026-10-06T11:04:57.9274610+08:00" endTime="2026-10-06T11:04:57.9274610+08:00" testType="13cdc9d9-ddb5-4fa4-a97d-d965ccfc6d4b" outcome="Passed" testListId="8c84fa94-04c1-424b-9868-57a2d4851a1d" relativeResultsDirectory="2160423a-4a22-4d21-b9c7-dff7d2863389" />
  </Results>
  <TestDefinitions>
    <UnitTest name="UniClaw.Host.Tests.SettingsCoverageScenarioTests.PersistentlyDeviatingModel_FailsClosed" storage="/users/fran/documents/code/spacex/uni_claw/tests/uniclaw.host.tests/bin/debug/net10.0/uniclaw.host.tests.dll" id="525aa1ad-2545-f4a4-4b74-7f434c27f8ef">
      <Execution id="d1df657f-6043-4fc3-830e-aea573fcdc90" />
      <TestMethod codeBase="/Users/fran/Documents/Code/spacex/uni_claw/tests/UniClaw.Host.Tests/bin/Debug/net10.0/UniClaw.Host.Tests.dll" adapterTypeName="executor://xunit/VsTestRunner2/netcoreapp" className="UniClaw.Host.Tests.SettingsCoverageScenarioTests" name="PersistentlyDeviatingModel_FailsClosed" />
    </UnitTest>
    <UnitTest name="UniClaw.Host.Tests.SettingsCoverageLedgerTests.EnterAllTargetsAndBack_CoversFirstLevelSecondLevelAndBack" storage="/users/fran/documents/code/spacex/uni_claw/tests/uniclaw.host.tests/bin/debug/net10.0/uniclaw.host.tests.dll" id="fee0ed75-2ab8-e504-9fa0-1951144ebdfd">
      <Execution id="6b0f2987-0981-4cdd-ab05-0021bcefea78" />
      <TestMethod codeBase="/Users/fran/Documents/Code/spacex/uni_claw/tests/UniClaw.Host.Tests/bin/Debug/net10.0/UniClaw.Host.Tests.dll" adapterTypeName="executor://xunit/VsTestRunner2/netcoreapp" className="UniClaw.Host.Tests.SettingsCoverageLedgerTests" name="EnterAllTargetsAndBack_CoversFirstLevelSecondLevelAndBack" />
    </UnitTest>
    <UnitTest name="UniClaw.Host.Tests.SettingsCoverageScenarioTests.MaxStepsBound_StopsHonestlyWithUncoveredItems" storage="/users/fran/documents/code/spacex/uni_claw/tests/uniclaw.host.tests/bin/debug/net10.0/uniclaw.host.tests.dll" id="e18d8848-9d22-a9ad-2927-68052df1a9de">
      <Execution id="13e5154b-fb79-4202-ae05-a778475d0656" />
      <TestMethod codeBase="/Users/fran/Documents/Code/spacex/uni_claw/tests/UniClaw.Host.Tests/bin/Debug/net10.0/UniClaw.Host.Tests.dll" adapterTypeName="executor://xunit/VsTestRunner2/netcoreapp" className="UniClaw.Host.Tests.SettingsCoverageScenarioTests" name="MaxStepsBound_StopsHonestlyWithUncoveredItems" />
    </UnitTest>
    <UnitTest name="UniClaw.Host.Tests.SettingsActionPolicyTests.AgentProjection_DistinguishesRuntimeTokensFromPolicySemantics" storage="/users/fran/documents/code/spacex/uni_claw/tests/uniclaw.host.tests/bin/debug/net10.0/uniclaw.host.tests.dll" id="709808cf-b6d9-dc89-ef64-daf68cfc2925">
      <Execution id="fb465f2e-90a2-4ed3-9ad2-7b7d1e7d6a79" />
      <TestMethod codeBase="/Users/fran/Documents/Code/spacex/uni_claw/tests/UniClaw.Host.Tests/bin/Debug/net10.0/UniClaw.Host.Tests.dll" adapterTypeName="executor://xunit/VsTestRunner2/netcoreapp" className="UniClaw.Host.Tests.SettingsActionPolicyTests" name="AgentProjection_DistinguishesRuntimeTokensFromPolicySemantics" />
    </UnitTest>
    <UnitTest name="UniClaw.Host.Tests.SettingsCoverageScenarioTests.DeviatingModel_RecoversViaBoundedCorrectiveReconsult" storage="/users/fran/documents/code/spacex/uni_claw/tests/uniclaw.host.tests/bin/debug/net10.0/uniclaw.host.tests.dll" id="067b9c8d-11a0-c2c3-e1e2-c65fecd2905a">
      <Execution id="8f7a5b7e-47a1-4a08-934b-a26b4755a47a" />
      <TestMethod codeBase="/Users/fran/Documents/Code/spacex/uni_claw/tests/UniClaw.Host.Tests/bin/Debug/net10.0/UniClaw.Host.Tests.dll" adapterTypeName="executor://xunit/VsTestRunner2/netcoreapp" className="UniClaw.Host.Tests.SettingsCoverageScenarioTests" name="DeviatingModel_RecoversViaBoundedCorrectiveReconsult" />
    </UnitTest>
    <UnitTest name="UniClaw.Host.Tests.SettingsCoverageDirectorPlanTests.PopupStillPresent_AfterRetries_StopsBounded_FailClosed" storage="/users/fran/documents/code/spacex/uni_claw/tests/uniclaw.host.tests/bin/debug/net10.0/uniclaw.host.tests.dll" id="b6ec8fd0-bce1-7960-0cdd-ba374909164c">
      <Execution id="29bc8066-c2c8-4c2f-9627-f024ffe1ac77" />
      <TestMethod codeBase="/Users/fran/Documents/Code/spacex/uni_claw/tests/UniClaw.Host.Tests/bin/Debug/net10.0/UniClaw.Host.Tests.dll" adapterTypeName="executor://xunit/VsTestRunner2/netcoreapp" className="UniClaw.Host.Tests.SettingsCoverageDirectorPlanTests" name="PopupStillPresent_AfterRetries_StopsBounded_FailClosed" />
    </UnitTest>
    <UnitTest name="UniClaw.Host.Tests.SettingsActionPolicyTests.MissingRequiredPolicy_FailsClosed" storage="/users/fran/documents/code/spacex/uni_claw/tests/uniclaw.host.tests/bin/debug/net10.0/uniclaw.host.tests.dll" id="c5aaf809-6c49-7546-bc17-019733565fe0">
      <Execution id="10dbd56d-b120-43c4-bfdc-d07bb2ccb4a9" />
      <TestMethod codeBase="/Users/fran/Documents/Code/spacex/uni_claw/tests/UniClaw.Host.Tests/bin/Debug/net10.0/UniClaw.Host.Tests.dll" adapterTypeName="executor://xunit/VsTestRunner2/netcoreapp" className="UniClaw.Host.Tests.SettingsActionPolicyTests" name="MissingRequiredPolicy_FailsClosed" />
    </UnitTest>
    <UnitTest name="UniClaw.Host.Tests.SettingsCoverageDirectorPlanTests.ConstrainedPlan_SingleMatchingAct_WithObserveControlTail_IsAccepted" storage="/users/fran/documents/code/spacex/uni_claw/tests/uniclaw.host.tests/bin/debug/net10.0/uniclaw.host.tests.dll" id="612b21a0-bf32-2061-fe3d-fe9446191c2c">
      <Execution id="4231fb09-aa6c-4d94-a388-8cd63ea961bd" />
      <TestMethod codeBase="/Users/fran/Documents/Code/spacex/uni_claw/tests/UniClaw.Host.Tests/bin/Debug/net10.0/UniClaw.Host.Tests.dll" adapterTypeName="executor://xunit/VsTestRunner2/netcoreapp" className="UniClaw.Host.Tests.SettingsCoverageDirectorPlanTests" name="ConstrainedPlan_SingleMatchingAct_WithObserveControlTail_IsAccepted" />
    </UnitTest>
    <UnitTest name="UniClaw.Host.Tests.SettingsCoverageScenarioTests.ScrollAtBottom_ContentUnchanged_FailsVerification_BoundedStop" storage="/users/fran/documents/code/spacex/uni_claw/tests/uniclaw.host.tests/bin/debug/net10.0/uniclaw.host.tests.dll" id="f51f7033-7623-2746-64f4-57f1c9f976ba">
      <Execution id="718c0f2b-4cdd-4c8a-8076-f5e73ab19eea" />
      <TestMethod codeBase="/Users/fran/Documents/Code/spacex/uni_claw/tests/UniClaw.Host.Tests/bin/Debug/net10.0/UniClaw.Host.Tests.dll" adapterTypeName="executor://xunit/VsTestRunner2/netcoreapp" className="UniClaw.Host.Tests.SettingsCoverageScenarioTests" name="ScrollAtBottom_ContentUnchanged_FailsVerification_BoundedStop" />
    </UnitTest>
    <UnitTest name="UniClaw.Host.Tests.SettingsCoverageLedgerTests.DuplicateDispatchedStepsWithoutVerifiedBetween_FlagsFirstDivergence" storage="/users/fran/documents/code/spacex/uni_claw/tests/uniclaw.host.tests/bin/debug/net10.0/uniclaw.host.tests.dll" id="5a4c3960-42ae-f0de-4539-b296d43adcce">
      <Execution id="e07ec82f-cd52-415b-bcff-34bdd92c0f13" />
      <TestMethod codeBase="/Users/fran/Documents/Code/spacex/uni_claw/tests/UniClaw.Host.Tests/bin/Debug/net10.0/UniClaw.Host.Tests.dll" adapterTypeName="executor://xunit/VsTestRunner2/netcoreapp" className="UniClaw.Host.Tests.SettingsCoverageLedgerTests" name="DuplicateDispatchedStepsWithoutVerifiedBetween_FlagsFirstDivergence" />
    </UnitTest>
    <UnitTest name="UniClaw.Host.Tests.SettingsCoverageScenarioTests.IllegalDesiredStateOnDirectiveStep_IsRejectedByDirector" storage="/users/fran/documents/code/spacex/uni_claw/tests/uniclaw.host.tests/bin/debug/net10.0/uniclaw.host.tests.dll" id="70ca016a-16da-2c71-e916-e5cea794c31f">
      <Execution id="537268a2-a4bd-4735-8ab7-ed5ee5243c96" />
      <TestMethod codeBase="/Users/fran/Documents/Code/spacex/uni_claw/tests/UniClaw.Host.Tests/bin/Debug/net10.0/UniClaw.Host.Tests.dll" adapterTypeName="executor://xunit/VsTestRunner2/netcoreapp" className="UniClaw.Host.Tests.SettingsCoverageScenarioTests" name="IllegalDesiredStateOnDirectiveStep_IsRejectedByDirector" />
    </UnitTest>
    <UnitTest name="UniClaw.Host.Tests.SettingsCoverageLedgerTests.Report_ComputesCoverageAndStepSuccessRates" storage="/users/fran/documents/code/spacex/uni_claw/tests/uniclaw.host.tests/bin/debug/net10.0/uniclaw.host.tests.dll" id="f8d35699-5e09-c43e-6eee-46683b68f389">
      <Execution id="9c31d9d9-41e0-4f4d-bf5d-c9058fb4373d" />
      <TestMethod codeBase="/Users/fran/Documents/Code/spacex/uni_claw/tests/UniClaw.Host.Tests/bin/Debug/net10.0/UniClaw.Host.Tests.dll" adapterTypeName="executor://xunit/VsTestRunner2/netcoreapp" className="UniClaw.Host.Tests.SettingsCoverageLedgerTests" name="Report_ComputesCoverageAndStepSuccessRates" />
    </UnitTest>
    <UnitTest name="UniClaw.Host.Tests.SettingsCoverageDirectorPlanTests.Plan_WithMultipleActItems_FailsClosed" storage="/users/fran/documents/code/spacex/uni_claw/tests/uniclaw.host.tests/bin/debug/net10.0/uniclaw.host.tests.dll" id="8724e41a-3015-b8a5-4d98-1c09a1f72d30">
      <Execution id="8676849b-b785-477e-9579-ae644f927878" />
      <TestMethod codeBase="/Users/fran/Documents/Code/spacex/uni_claw/tests/UniClaw.Host.Tests/bin/Debug/net10.0/UniClaw.Host.Tests.dll" adapterTypeName="executor://xunit/VsTestRunner2/netcoreapp" className="UniClaw.Host.Tests.SettingsCoverageDirectorPlanTests" name="Plan_WithMultipleActItems_FailsClosed" />
    </UnitTest>
    <UnitTest name="UniClaw.Host.Tests.SettingsActionPolicyTests.DefaultProfile_LoadsRequiredPolicyBeforeConsultation" storage="/users/fran/documents/code/spacex/uni_claw/tests/uniclaw.host.tests/bin/debug/net10.0/uniclaw.host.tests.dll" id="154cb871-5e17-9b66-16d1-6194a9bc0287">
      <Execution id="7c6523b0-cfa6-4cca-830c-c4734322260d" />
      <TestMethod codeBase="/Users/fran/Documents/Code/spacex/uni_claw/tests/UniClaw.Host.Tests/bin/Debug/net10.0/UniClaw.Host.Tests.dll" adapterTypeName="executor://xunit/VsTestRunner2/netcoreapp" className="UniClaw.Host.Tests.SettingsActionPolicyTests" name="DefaultProfile_LoadsRequiredPolicyBeforeConsultation" />
    </UnitTest>
    <UnitTest name="UniClaw.Host.Tests.SettingsCoverageLedgerTests.MaxStepsReached_AfterExecutingBoundSteps" storage="/users/fran/documents/code/spacex/uni_claw/tests/uniclaw.host.tests/bin/debug/net10.0/uniclaw.host.tests.dll" id="da94c5be-a9a6-e6ad-ef96-df3566b18500">
      <Execution id="e45dcfc6-2c68-41dc-87b3-78b040987f70" />
      <TestMethod codeBase="/Users/fran/Documents/Code/spacex/uni_claw/tests/UniClaw.Host.Tests/bin/Debug/net10.0/UniClaw.Host.Tests.dll" adapterTypeName="executor://xunit/VsTestRunner2/netcoreapp" className="UniClaw.Host.Tests.SettingsCoverageLedgerTests" name="MaxStepsReached_AfterExecutingBoundSteps" />
    </UnitTest>
    <UnitTest name="UniClaw.Host.Tests.SettingsCoverageDirectorPlanTests.PopupAbsent_ResumesNormalTraversal" storage="/users/fran/documents/code/spacex/uni_claw/tests/uniclaw.host.tests/bin/debug/net10.0/uniclaw.host.tests.dll" id="32c0e11f-078a-108a-c337-aa28c2160621">
      <Execution id="61c143c5-07eb-4088-b129-ba43eed0ff2c" />
      <TestMethod codeBase="/Users/fran/Documents/Code/spacex/uni_claw/tests/UniClaw.Host.Tests/bin/Debug/net10.0/UniClaw.Host.Tests.dll" adapterTypeName="executor://xunit/VsTestRunner2/netcoreapp" className="UniClaw.Host.Tests.SettingsCoverageDirectorPlanTests" name="PopupAbsent_ResumesNormalTraversal" />
    </UnitTest>
    <UnitTest name="UniClaw.Host.Tests.SettingsCoverageLedgerTests.ConsecutiveFailures_TriggerMaxConsecutiveFailuresReached" storage="/users/fran/documents/code/spacex/uni_claw/tests/uniclaw.host.tests/bin/debug/net10.0/uniclaw.host.tests.dll" id="1cceafad-3c14-502a-a42e-233f6d12c571">
      <Execution id="a9fa1c6d-f701-41c9-a89d-d521d71a8670" />
      <TestMethod codeBase="/Users/fran/Documents/Code/spacex/uni_claw/tests/UniClaw.Host.Tests/bin/Debug/net10.0/UniClaw.Host.Tests.dll" adapterTypeName="executor://xunit/VsTestRunner2/netcoreapp" className="UniClaw.Host.Tests.SettingsCoverageLedgerTests" name="ConsecutiveFailures_TriggerMaxConsecutiveFailuresReached" />
    </UnitTest>
    <UnitTest name="UniClaw.Host.Tests.SettingsCoverageDirectorPlanTests.Plan_WithMismatchedAct_FailsClosed" storage="/users/fran/documents/code/spacex/uni_claw/tests/uniclaw.host.tests/bin/debug/net10.0/uniclaw.host.tests.dll" id="0f871261-5ac4-1128-33cb-25b34d694289">
      <Execution id="021d931b-5bc1-4480-8642-d96d0cc025af" />
      <TestMethod codeBase="/Users/fran/Documents/Code/spacex/uni_claw/tests/UniClaw.Host.Tests/bin/Debug/net10.0/UniClaw.Host.Tests.dll" adapterTypeName="executor://xunit/VsTestRunner2/netcoreapp" className="UniClaw.Host.Tests.SettingsCoverageDirectorPlanTests" name="Plan_WithMismatchedAct_FailsClosed" />
    </UnitTest>
    <UnitTest name="UniClaw.Host.Tests.SettingsCoverageScenarioTests.FullCoverageMission_CompletesWithTraceableSteps" storage="/users/fran/documents/code/spacex/uni_claw/tests/uniclaw.host.tests/bin/debug/net10.0/uniclaw.host.tests.dll" id="c4feebc9-7d72-a8f0-b8bf-c835293b4b3f">
      <Execution id="adb9a55b-759b-416c-9b24-18a3fe6a470f" />
      <TestMethod codeBase="/Users/fran/Documents/Code/spacex/uni_claw/tests/UniClaw.Host.Tests/bin/Debug/net10.0/UniClaw.Host.Tests.dll" adapterTypeName="executor://xunit/VsTestRunner2/netcoreapp" className="UniClaw.Host.Tests.SettingsCoverageScenarioTests" name="FullCoverageMission_CompletesWithTraceableSteps" />
    </UnitTest>
    <UnitTest name="UniClaw.Host.Tests.SettingsActionPolicyTests.UnsatisfiedTargetedToggle_IsAllowedOnce" storage="/users/fran/documents/code/spacex/uni_claw/tests/uniclaw.host.tests/bin/debug/net10.0/uniclaw.host.tests.dll" id="58b83d65-906f-54b5-dced-26f0337e1876">
      <Execution id="b665a674-1446-4286-887e-7809af4368f4" />
      <TestMethod codeBase="/Users/fran/Documents/Code/spacex/uni_claw/tests/UniClaw.Host.Tests/bin/Debug/net10.0/UniClaw.Host.Tests.dll" adapterTypeName="executor://xunit/VsTestRunner2/netcoreapp" className="UniClaw.Host.Tests.SettingsActionPolicyTests" name="UnsatisfiedTargetedToggle_IsAllowedOnce" />
    </UnitTest>
    <UnitTest name="UniClaw.Host.Tests.SettingsCoverageLedgerTests.DuplicateDispatchedStepsWithVerifiedBetween_NotFlagged" storage="/users/fran/documents/code/spacex/uni_claw/tests/uniclaw.host.tests/bin/debug/net10.0/uniclaw.host.tests.dll" id="11a354b6-e8c6-c0ea-c07b-1ca92ee76653">
      <Execution id="e53e84f2-a926-4554-9a60-263361c44902" />
      <TestMethod codeBase="/Users/fran/Documents/Code/spacex/uni_claw/tests/UniClaw.Host.Tests/bin/Debug/net10.0/UniClaw.Host.Tests.dll" adapterTypeName="executor://xunit/VsTestRunner2/netcoreapp" className="UniClaw.Host.Tests.SettingsCoverageLedgerTests" name="DuplicateDispatchedStepsWithVerifiedBetween_NotFlagged" />
    </UnitTest>
    <UnitTest name="UniClaw.Host.Tests.SettingsCoverageScenarioTests.PersistentUnknownPage_StopsHonestlyAfterDeferBudget" storage="/users/fran/documents/code/spacex/uni_claw/tests/uniclaw.host.tests/bin/debug/net10.0/uniclaw.host.tests.dll" id="7df6a76a-62b2-618f-d905-71a052f53321">
      <Execution id="0160c7cc-6fbc-4e5f-aec7-559e01d81da6" />
      <TestMethod codeBase="/Users/fran/Documents/Code/spacex/uni_claw/tests/UniClaw.Host.Tests/bin/Debug/net10.0/UniClaw.Host.Tests.dll" adapterTypeName="executor://xunit/VsTestRunner2/netcoreapp" className="UniClaw.Host.Tests.SettingsCoverageScenarioTests" name="PersistentUnknownPage_StopsHonestlyAfterDeferBudget" />
    </UnitTest>
    <UnitTest name="UniClaw.Host.Tests.SettingsCoverageLedgerTests.BackDescriptor_IsNeverAScrollCandidate" storage="/users/fran/documents/code/spacex/uni_claw/tests/uniclaw.host.tests/bin/debug/net10.0/uniclaw.host.tests.dll" id="7585019d-227c-fc0c-31f3-99847f5208a7">
      <Execution id="47abab92-9cce-4b16-a35f-5c5a120d198b" />
      <TestMethod codeBase="/Users/fran/Documents/Code/spacex/uni_claw/tests/UniClaw.Host.Tests/bin/Debug/net10.0/UniClaw.Host.Tests.dll" adapterTypeName="executor://xunit/VsTestRunner2/netcoreapp" className="UniClaw.Host.Tests.SettingsCoverageLedgerTests" name="BackDescriptor_IsNeverAScrollCandidate" />
    </UnitTest>
    <UnitTest name="UniClaw.Host.Tests.SettingsCoverageDirectorPlanTests.Plan_ActOnlyWithoutTail_IsAccepted" storage="/users/fran/documents/code/spacex/uni_claw/tests/uniclaw.host.tests/bin/debug/net10.0/uniclaw.host.tests.dll" id="6565a1ee-ebe1-6382-16b4-08ecb24a3520">
      <Execution id="8b5e7207-464b-40a4-b8fd-7e892dbe80d5" />
      <TestMethod codeBase="/Users/fran/Documents/Code/spacex/uni_claw/tests/UniClaw.Host.Tests/bin/Debug/net10.0/UniClaw.Host.Tests.dll" adapterTypeName="executor://xunit/VsTestRunner2/netcoreapp" className="UniClaw.Host.Tests.SettingsCoverageDirectorPlanTests" name="Plan_ActOnlyWithoutTail_IsAccepted" />
    </UnitTest>
    <UnitTest name="UniClaw.Host.Tests.SettingsCoverageDirectorPlanTests.Plan_Oversized_FailsClosed" storage="/users/fran/documents/code/spacex/uni_claw/tests/uniclaw.host.tests/bin/debug/net10.0/uniclaw.host.tests.dll" id="fde154e7-64e6-e333-c6db-3dfa585d9551">
      <Execution id="d1f1f724-b5b5-44e5-b7ba-ee7bf51ad88e" />
      <TestMethod codeBase="/Users/fran/Documents/Code/spacex/uni_claw/tests/UniClaw.Host.Tests/bin/Debug/net10.0/UniClaw.Host.Tests.dll" adapterTypeName="executor://xunit/VsTestRunner2/netcoreapp" className="UniClaw.Host.Tests.SettingsCoverageDirectorPlanTests" name="Plan_Oversized_FailsClosed" />
    </UnitTest>
    <UnitTest name="UniClaw.Host.Tests.SettingsCoverageScenarioTests.MultiStepActProposal_IsRejectedAsDirectiveDeviation" storage="/users/fran/documents/code/spacex/uni_claw/tests/uniclaw.host.tests/bin/debug/net10.0/uniclaw.host.tests.dll" id="ba31b40d-6540-10bd-037f-48f30755018d">
      <Execution id="d213e3d6-70cb-4ec4-b167-574f2f2fbca8" />
      <TestMethod codeBase="/Users/fran/Documents/Code/spacex/uni_claw/tests/UniClaw.Host.Tests/bin/Debug/net10.0/UniClaw.Host.Tests.dll" adapterTypeName="executor://xunit/VsTestRunner2/netcoreapp" className="UniClaw.Host.Tests.SettingsCoverageScenarioTests" name="MultiStepActProposal_IsRejectedAsDirectiveDeviation" />
    </UnitTest>
    <UnitTest name="UniClaw.Host.Tests.SettingsCoverageLedgerTests.RepeatedEntry_DifferentReceipts_SatisfiesRepeatedEntry" storage="/users/fran/documents/code/spacex/uni_claw/tests/uniclaw.host.tests/bin/debug/net10.0/uniclaw.host.tests.dll" id="69902c45-6ff6-9b49-e5bf-8d0a59d8b2c8">
      <Execution id="e01cbef3-9092-403d-a0ef-f4e58a05993c" />
      <TestMethod codeBase="/Users/fran/Documents/Code/spacex/uni_claw/tests/UniClaw.Host.Tests/bin/Debug/net10.0/UniClaw.Host.Tests.dll" adapterTypeName="executor://xunit/VsTestRunner2/netcoreapp" className="UniClaw.Host.Tests.SettingsCoverageLedgerTests" name="RepeatedEntry_DifferentReceipts_SatisfiesRepeatedEntry" />
    </UnitTest>
    <UnitTest name="UniClaw.Host.Tests.SettingsCoverageLedgerTests.FrameworkButtonRid_IsNeverAScrollCandidate" storage="/users/fran/documents/code/spacex/uni_claw/tests/uniclaw.host.tests/bin/debug/net10.0/uniclaw.host.tests.dll" id="69e0b75d-d26e-4e5c-7233-7bd2aa3a6aba">
      <Execution id="7e3f3188-92ea-4e85-bb5e-01de4a20d27b" />
      <TestMethod codeBase="/Users/fran/Documents/Code/spacex/uni_claw/tests/UniClaw.Host.Tests/bin/Debug/net10.0/UniClaw.Host.Tests.dll" adapterTypeName="executor://xunit/VsTestRunner2/netcoreapp" className="UniClaw.Host.Tests.SettingsCoverageLedgerTests" name="FrameworkButtonRid_IsNeverAScrollCandidate" />
    </UnitTest>
    <UnitTest name="UniClaw.Host.Tests.SettingsCoverageScenarioTests.WriteEvidenceFile_PersistsPayloadUnderCaptureId" storage="/users/fran/documents/code/spacex/uni_claw/tests/uniclaw.host.tests/bin/debug/net10.0/uniclaw.host.tests.dll" id="99642049-86e0-fa08-cfa9-4d562434c426">
      <Execution id="d6ebaae9-0bca-4d32-9524-cfd2fc59d6c9" />
      <TestMethod codeBase="/Users/fran/Documents/Code/spacex/uni_claw/tests/UniClaw.Host.Tests/bin/Debug/net10.0/UniClaw.Host.Tests.dll" adapterTypeName="executor://xunit/VsTestRunner2/netcoreapp" className="UniClaw.Host.Tests.SettingsCoverageScenarioTests" name="WriteEvidenceFile_PersistsPayloadUnderCaptureId" />
    </UnitTest>
    <UnitTest name="UniClaw.Host.Tests.SettingsActionPolicyTests.SatisfiedTargetedToggle_BecomesNoAction" storage="/users/fran/documents/code/spacex/uni_claw/tests/uniclaw.host.tests/bin/debug/net10.0/uniclaw.host.tests.dll" id="97587f90-9524-cf4e-f16d-bb607c02c35b">
      <Execution id="c1928f62-13d2-4683-975b-8d774fc90a32" />
      <TestMethod codeBase="/Users/fran/Documents/Code/spacex/uni_claw/tests/UniClaw.Host.Tests/bin/Debug/net10.0/UniClaw.Host.Tests.dll" adapterTypeName="executor://xunit/VsTestRunner2/netcoreapp" className="UniClaw.Host.Tests.SettingsActionPolicyTests" name="SatisfiedTargetedToggle_BecomesNoAction" />
    </UnitTest>
    <UnitTest name="UniClaw.Host.Tests.SettingsActionPolicyTests.GuardDecision_RejectsBeforeKernelDispatch" storage="/users/fran/documents/code/spacex/uni_claw/tests/uniclaw.host.tests/bin/debug/net10.0/uniclaw.host.tests.dll" id="e3a95080-05ef-5a3c-07fe-be9466b86266">
      <Execution id="386ed483-2212-44a3-ac98-38c9861f9449" />
      <TestMethod codeBase="/Users/fran/Documents/Code/spacex/uni_claw/tests/UniClaw.Host.Tests/bin/Debug/net10.0/UniClaw.Host.Tests.dll" adapterTypeName="executor://xunit/VsTestRunner2/netcoreapp" className="UniClaw.Host.Tests.SettingsActionPolicyTests" name="GuardDecision_RejectsBeforeKernelDispatch" />
    </UnitTest>
    <UnitTest name="UniClaw.Host.Tests.SettingsCoverageScenarioTests.TransitionalStartupScreen_DefersUntilSettled_ThenCompletes" storage="/users/fran/documents/code/spacex/uni_claw/tests/uniclaw.host.tests/bin/debug/net10.0/uniclaw.host.tests.dll" id="d03c8e70-094c-6135-f18c-46be42ed1f12">
      <Execution id="cd2c50df-3e71-4e86-960a-d1688010dfab" />
      <TestMethod codeBase="/Users/fran/Documents/Code/spacex/uni_claw/tests/UniClaw.Host.Tests/bin/Debug/net10.0/UniClaw.Host.Tests.dll" adapterTypeName="executor://xunit/VsTestRunner2/netcoreapp" className="UniClaw.Host.Tests.SettingsCoverageScenarioTests" name="TransitionalStartupScreen_DefersUntilSettled_ThenCompletes" />
    </UnitTest>
    <UnitTest name="UniClaw.Host.Tests.SettingsCoverageLedgerTests.EnteredScrollCandidate_IsNotReEntered_NextDirectiveAdvances" storage="/users/fran/documents/code/spacex/uni_claw/tests/uniclaw.host.tests/bin/debug/net10.0/uniclaw.host.tests.dll" id="1f7c1c5e-c3eb-091b-30ed-bc40f30a21e9">
      <Execution id="059b5c4b-3157-4321-af63-4b3ba496f9ba" />
      <TestMethod codeBase="/Users/fran/Documents/Code/spacex/uni_claw/tests/UniClaw.Host.Tests/bin/Debug/net10.0/UniClaw.Host.Tests.dll" adapterTypeName="executor://xunit/VsTestRunner2/netcoreapp" className="UniClaw.Host.Tests.SettingsCoverageLedgerTests" name="EnteredScrollCandidate_IsNotReEntered_NextDirectiveAdvances" />
    </UnitTest>
    <UnitTest name="UniClaw.Host.Tests.SettingsActionPolicyTests.ForbiddenAndUnknownTargets_AreRejectedBeforeDispatch" storage="/users/fran/documents/code/spacex/uni_claw/tests/uniclaw.host.tests/bin/debug/net10.0/uniclaw.host.tests.dll" id="105622a5-9b55-da2a-5346-bced4eafc848">
      <Execution id="d7181022-5d6c-450e-8df8-671ae36cc134" />
      <TestMethod codeBase="/Users/fran/Documents/Code/spacex/uni_claw/tests/UniClaw.Host.Tests/bin/Debug/net10.0/UniClaw.Host.Tests.dll" adapterTypeName="executor://xunit/VsTestRunner2/netcoreapp" className="UniClaw.Host.Tests.SettingsActionPolicyTests" name="ForbiddenAndUnknownTargets_AreRejectedBeforeDispatch" />
    </UnitTest>
    <UnitTest name="UniClaw.Host.Tests.SettingsCoverageLedgerTests.Report_StatusReflectsCoverageCompletionOrBoundedStop" storage="/users/fran/documents/code/spacex/uni_claw/tests/uniclaw.host.tests/bin/debug/net10.0/uniclaw.host.tests.dll" id="3632da25-25f3-7e2f-eebf-f3a94728f907">
      <Execution id="f20628c1-72a2-46d5-9c7f-06aa78c51849" />
      <TestMethod codeBase="/Users/fran/Documents/Code/spacex/uni_claw/tests/UniClaw.Host.Tests/bin/Debug/net10.0/UniClaw.Host.Tests.dll" adapterTypeName="executor://xunit/VsTestRunner2/netcoreapp" className="UniClaw.Host.Tests.SettingsCoverageLedgerTests" name="Report_StatusReflectsCoverageCompletionOrBoundedStop" />
    </UnitTest>
    <UnitTest name="UniClaw.Host.Tests.SettingsCoverageDirectorPlanTests.PopupPresent_IssuesObstacleDirective_FromConfigVocabulary" storage="/users/fran/documents/code/spacex/uni_claw/tests/uniclaw.host.tests/bin/debug/net10.0/uniclaw.host.tests.dll" id="eb3c7f5a-80ca-5e20-2819-e487f1bf52b7">
      <Execution id="66bc748e-fffb-4527-b11f-d03b1c03e50a" />
      <TestMethod codeBase="/Users/fran/Documents/Code/spacex/uni_claw/tests/UniClaw.Host.Tests/bin/Debug/net10.0/UniClaw.Host.Tests.dll" adapterTypeName="executor://xunit/VsTestRunner2/netcoreapp" className="UniClaw.Host.Tests.SettingsCoverageDirectorPlanTests" name="PopupPresent_IssuesObstacleDirective_FromConfigVocabulary" />
    </UnitTest>
    <UnitTest name="UniClaw.Host.Tests.SettingsCoverageLedgerTests.NextDirective_FollowsPrioritySequence" storage="/users/fran/documents/code/spacex/uni_claw/tests/uniclaw.host.tests/bin/debug/net10.0/uniclaw.host.tests.dll" id="c1db7dac-d750-5fc2-0ad9-28edbee9d146">
      <Execution id="094d90e5-ed44-4a95-849b-bce7327df32b" />
      <TestMethod codeBase="/Users/fran/Documents/Code/spacex/uni_claw/tests/UniClaw.Host.Tests/bin/Debug/net10.0/UniClaw.Host.Tests.dll" adapterTypeName="executor://xunit/VsTestRunner2/netcoreapp" className="UniClaw.Host.Tests.SettingsCoverageLedgerTests" name="NextDirective_FollowsPrioritySequence" />
    </UnitTest>
    <UnitTest name="UniClaw.Host.Tests.SettingsCoverageLedgerTests.ScrollDiscoveredEntry_RequiresVerifiedScrollBeforeObservation" storage="/users/fran/documents/code/spacex/uni_claw/tests/uniclaw.host.tests/bin/debug/net10.0/uniclaw.host.tests.dll" id="22e9b9ba-cb25-380d-d124-b9d11205d39c">
      <Execution id="6f95ee83-168c-42d8-92c5-f96a4e5899f6" />
      <TestMethod codeBase="/Users/fran/Documents/Code/spacex/uni_claw/tests/UniClaw.Host.Tests/bin/Debug/net10.0/UniClaw.Host.Tests.dll" adapterTypeName="executor://xunit/VsTestRunner2/netcoreapp" className="UniClaw.Host.Tests.SettingsCoverageLedgerTests" name="ScrollDiscoveredEntry_RequiresVerifiedScrollBeforeObservation" />
    </UnitTest>
    <UnitTest name="UniClaw.Host.Tests.SettingsCoverageScenarioTests.PopupEpisode_ObstaclePlanClearsPopup_AndResumesTraversalToCompletion" storage="/users/fran/documents/code/spacex/uni_claw/tests/uniclaw.host.tests/bin/debug/net10.0/uniclaw.host.tests.dll" id="0f3f33ad-d66f-c671-96ae-c48caecd3e1d">
      <Execution id="2160423a-4a22-4d21-b9c7-dff7d2863389" />
      <TestMethod codeBase="/Users/fran/Documents/Code/spacex/uni_claw/tests/UniClaw.Host.Tests/bin/Debug/net10.0/UniClaw.Host.Tests.dll" adapterTypeName="executor://xunit/VsTestRunner2/netcoreapp" className="UniClaw.Host.Tests.SettingsCoverageScenarioTests" name="PopupEpisode_ObstaclePlanClearsPopup_AndResumesTraversalToCompletion" />
    </UnitTest>
    <UnitTest name="UniClaw.Host.Tests.SettingsActionPolicyTests.MultiActProposal_IsRejectedBeforePolicyCanBeBypassed" storage="/users/fran/documents/code/spacex/uni_claw/tests/uniclaw.host.tests/bin/debug/net10.0/uniclaw.host.tests.dll" id="11daf255-5f94-36f0-0de9-e013032905d0">
      <Execution id="62ebd4d7-fc98-41d3-973f-b5aca4519e3a" />
      <TestMethod codeBase="/Users/fran/Documents/Code/spacex/uni_claw/tests/UniClaw.Host.Tests/bin/Debug/net10.0/UniClaw.Host.Tests.dll" adapterTypeName="executor://xunit/VsTestRunner2/netcoreapp" className="UniClaw.Host.Tests.SettingsActionPolicyTests" name="MultiActProposal_IsRejectedBeforePolicyCanBeBypassed" />
    </UnitTest>
    <UnitTest name="UniClaw.Host.Tests.SettingsCoverageLedgerTests.RootObservation_CoversRootPage" storage="/users/fran/documents/code/spacex/uni_claw/tests/uniclaw.host.tests/bin/debug/net10.0/uniclaw.host.tests.dll" id="dcde615e-2fa1-4805-fb50-14cbeb0d17dd">
      <Execution id="f95f5415-7ce9-4a0b-bcf1-edb2e4ec4261" />
      <TestMethod codeBase="/Users/fran/Documents/Code/spacex/uni_claw/tests/UniClaw.Host.Tests/bin/Debug/net10.0/UniClaw.Host.Tests.dll" adapterTypeName="executor://xunit/VsTestRunner2/netcoreapp" className="UniClaw.Host.Tests.SettingsCoverageLedgerTests" name="RootObservation_CoversRootPage" />
    </UnitTest>
    <UnitTest name="UniClaw.Host.Tests.SettingsCoverageDirectorPlanTests.UnknownPage_DeferPath_StillWorks" storage="/users/fran/documents/code/spacex/uni_claw/tests/uniclaw.host.tests/bin/debug/net10.0/uniclaw.host.tests.dll" id="e64109a8-80cc-8d32-34d6-802054496982">
      <Execution id="8f0f1c19-9ed7-4b91-8c8c-f87a3990ac06" />
      <TestMethod codeBase="/Users/fran/Documents/Code/spacex/uni_claw/tests/UniClaw.Host.Tests/bin/Debug/net10.0/UniClaw.Host.Tests.dll" adapterTypeName="executor://xunit/VsTestRunner2/netcoreapp" className="UniClaw.Host.Tests.SettingsCoverageDirectorPlanTests" name="UnknownPage_DeferPath_StillWorks" />
    </UnitTest>
    <UnitTest name="UniClaw.Host.Tests.SettingsCoverageLedgerTests.UnverifiedScroll_DoesNotCountScrollsOrProduceCandidates" storage="/users/fran/documents/code/spacex/uni_claw/tests/uniclaw.host.tests/bin/debug/net10.0/uniclaw.host.tests.dll" id="2ad419ad-37bd-b997-dafb-ea69106a376a">
      <Execution id="de7228b1-7575-4aff-88db-096e784a88b8" />
      <TestMethod codeBase="/Users/fran/Documents/Code/spacex/uni_claw/tests/UniClaw.Host.Tests/bin/Debug/net10.0/UniClaw.Host.Tests.dll" adapterTypeName="executor://xunit/VsTestRunner2/netcoreapp" className="UniClaw.Host.Tests.SettingsCoverageLedgerTests" name="UnverifiedScroll_DoesNotCountScrollsOrProduceCandidates" />
    </UnitTest>
    <UnitTest name="UniClaw.Host.Tests.SettingsCoverageLedgerTests.FailedEntryCandidate_IsSkipped_NotRetried" storage="/users/fran/documents/code/spacex/uni_claw/tests/uniclaw.host.tests/bin/debug/net10.0/uniclaw.host.tests.dll" id="de9993ab-b0f2-a951-279f-a90da1b41e4d">
      <Execution id="855d7825-126e-4d0f-a552-c2f6290b6bb8" />
      <TestMethod codeBase="/Users/fran/Documents/Code/spacex/uni_claw/tests/UniClaw.Host.Tests/bin/Debug/net10.0/UniClaw.Host.Tests.dll" adapterTypeName="executor://xunit/VsTestRunner2/netcoreapp" className="UniClaw.Host.Tests.SettingsCoverageLedgerTests" name="FailedEntryCandidate_IsSkipped_NotRetried" />
    </UnitTest>
  </TestDefinitions>
  <TestEntries>
    <TestEntry testId="ba31b40d-6540-10bd-037f-48f30755018d" executionId="d213e3d6-70cb-4ec4-b167-574f2f2fbca8" testListId="8c84fa94-04c1-424b-9868-57a2d4851a1d" />
    <TestEntry testId="b6ec8fd0-bce1-7960-0cdd-ba374909164c" executionId="29bc8066-c2c8-4c2f-9627-f024ffe1ac77" testListId="8c84fa94-04c1-424b-9868-57a2d4851a1d" />
    <TestEntry testId="da94c5be-a9a6-e6ad-ef96-df3566b18500" executionId="e45dcfc6-2c68-41dc-87b3-78b040987f70" testListId="8c84fa94-04c1-424b-9868-57a2d4851a1d" />
    <TestEntry testId="dcde615e-2fa1-4805-fb50-14cbeb0d17dd" executionId="f95f5415-7ce9-4a0b-bcf1-edb2e4ec4261" testListId="8c84fa94-04c1-424b-9868-57a2d4851a1d" />
    <TestEntry testId="1f7c1c5e-c3eb-091b-30ed-bc40f30a21e9" executionId="059b5c4b-3157-4321-af63-4b3ba496f9ba" testListId="8c84fa94-04c1-424b-9868-57a2d4851a1d" />
    <TestEntry testId="e3a95080-05ef-5a3c-07fe-be9466b86266" executionId="386ed483-2212-44a3-ac98-38c9861f9449" testListId="8c84fa94-04c1-424b-9868-57a2d4851a1d" />
    <TestEntry testId="7df6a76a-62b2-618f-d905-71a052f53321" executionId="0160c7cc-6fbc-4e5f-aec7-559e01d81da6" testListId="8c84fa94-04c1-424b-9868-57a2d4851a1d" />
    <TestEntry testId="99642049-86e0-fa08-cfa9-4d562434c426" executionId="d6ebaae9-0bca-4d32-9524-cfd2fc59d6c9" testListId="8c84fa94-04c1-424b-9868-57a2d4851a1d" />
    <TestEntry testId="e18d8848-9d22-a9ad-2927-68052df1a9de" executionId="13e5154b-fb79-4202-ae05-a778475d0656" testListId="8c84fa94-04c1-424b-9868-57a2d4851a1d" />
    <TestEntry testId="8724e41a-3015-b8a5-4d98-1c09a1f72d30" executionId="8676849b-b785-477e-9579-ae644f927878" testListId="8c84fa94-04c1-424b-9868-57a2d4851a1d" />
    <TestEntry testId="c5aaf809-6c49-7546-bc17-019733565fe0" executionId="10dbd56d-b120-43c4-bfdc-d07bb2ccb4a9" testListId="8c84fa94-04c1-424b-9868-57a2d4851a1d" />
    <TestEntry testId="f8d35699-5e09-c43e-6eee-46683b68f389" executionId="9c31d9d9-41e0-4f4d-bf5d-c9058fb4373d" testListId="8c84fa94-04c1-424b-9868-57a2d4851a1d" />
    <TestEntry testId="fee0ed75-2ab8-e504-9fa0-1951144ebdfd" executionId="6b0f2987-0981-4cdd-ab05-0021bcefea78" testListId="8c84fa94-04c1-424b-9868-57a2d4851a1d" />
    <TestEntry testId="105622a5-9b55-da2a-5346-bced4eafc848" executionId="d7181022-5d6c-450e-8df8-671ae36cc134" testListId="8c84fa94-04c1-424b-9868-57a2d4851a1d" />
    <TestEntry testId="5a4c3960-42ae-f0de-4539-b296d43adcce" executionId="e07ec82f-cd52-415b-bcff-34bdd92c0f13" testListId="8c84fa94-04c1-424b-9868-57a2d4851a1d" />
    <TestEntry testId="612b21a0-bf32-2061-fe3d-fe9446191c2c" executionId="4231fb09-aa6c-4d94-a388-8cd63ea961bd" testListId="8c84fa94-04c1-424b-9868-57a2d4851a1d" />
    <TestEntry testId="154cb871-5e17-9b66-16d1-6194a9bc0287" executionId="7c6523b0-cfa6-4cca-830c-c4734322260d" testListId="8c84fa94-04c1-424b-9868-57a2d4851a1d" />
    <TestEntry testId="e64109a8-80cc-8d32-34d6-802054496982" executionId="8f0f1c19-9ed7-4b91-8c8c-f87a3990ac06" testListId="8c84fa94-04c1-424b-9868-57a2d4851a1d" />
    <TestEntry testId="1cceafad-3c14-502a-a42e-233f6d12c571" executionId="a9fa1c6d-f701-41c9-a89d-d521d71a8670" testListId="8c84fa94-04c1-424b-9868-57a2d4851a1d" />
    <TestEntry testId="067b9c8d-11a0-c2c3-e1e2-c65fecd2905a" executionId="8f7a5b7e-47a1-4a08-934b-a26b4755a47a" testListId="8c84fa94-04c1-424b-9868-57a2d4851a1d" />
    <TestEntry testId="7585019d-227c-fc0c-31f3-99847f5208a7" executionId="47abab92-9cce-4b16-a35f-5c5a120d198b" testListId="8c84fa94-04c1-424b-9868-57a2d4851a1d" />
    <TestEntry testId="69902c45-6ff6-9b49-e5bf-8d0a59d8b2c8" executionId="e01cbef3-9092-403d-a0ef-f4e58a05993c" testListId="8c84fa94-04c1-424b-9868-57a2d4851a1d" />
    <TestEntry testId="3632da25-25f3-7e2f-eebf-f3a94728f907" executionId="f20628c1-72a2-46d5-9c7f-06aa78c51849" testListId="8c84fa94-04c1-424b-9868-57a2d4851a1d" />
    <TestEntry testId="eb3c7f5a-80ca-5e20-2819-e487f1bf52b7" executionId="66bc748e-fffb-4527-b11f-d03b1c03e50a" testListId="8c84fa94-04c1-424b-9868-57a2d4851a1d" />
    <TestEntry testId="f51f7033-7623-2746-64f4-57f1c9f976ba" executionId="718c0f2b-4cdd-4c8a-8076-f5e73ab19eea" testListId="8c84fa94-04c1-424b-9868-57a2d4851a1d" />
    <TestEntry testId="58b83d65-906f-54b5-dced-26f0337e1876" executionId="b665a674-1446-4286-887e-7809af4368f4" testListId="8c84fa94-04c1-424b-9868-57a2d4851a1d" />
    <TestEntry testId="2ad419ad-37bd-b997-dafb-ea69106a376a" executionId="de7228b1-7575-4aff-88db-096e784a88b8" testListId="8c84fa94-04c1-424b-9868-57a2d4851a1d" />
    <TestEntry testId="709808cf-b6d9-dc89-ef64-daf68cfc2925" executionId="fb465f2e-90a2-4ed3-9ad2-7b7d1e7d6a79" testListId="8c84fa94-04c1-424b-9868-57a2d4851a1d" />
    <TestEntry testId="97587f90-9524-cf4e-f16d-bb607c02c35b" executionId="c1928f62-13d2-4683-975b-8d774fc90a32" testListId="8c84fa94-04c1-424b-9868-57a2d4851a1d" />
    <TestEntry testId="d03c8e70-094c-6135-f18c-46be42ed1f12" executionId="cd2c50df-3e71-4e86-960a-d1688010dfab" testListId="8c84fa94-04c1-424b-9868-57a2d4851a1d" />
    <TestEntry testId="69e0b75d-d26e-4e5c-7233-7bd2aa3a6aba" executionId="7e3f3188-92ea-4e85-bb5e-01de4a20d27b" testListId="8c84fa94-04c1-424b-9868-57a2d4851a1d" />
    <TestEntry testId="fde154e7-64e6-e333-c6db-3dfa585d9551" executionId="d1f1f724-b5b5-44e5-b7ba-ee7bf51ad88e" testListId="8c84fa94-04c1-424b-9868-57a2d4851a1d" />
    <TestEntry testId="c4feebc9-7d72-a8f0-b8bf-c835293b4b3f" executionId="adb9a55b-759b-416c-9b24-18a3fe6a470f" testListId="8c84fa94-04c1-424b-9868-57a2d4851a1d" />
    <TestEntry testId="70ca016a-16da-2c71-e916-e5cea794c31f" executionId="537268a2-a4bd-4735-8ab7-ed5ee5243c96" testListId="8c84fa94-04c1-424b-9868-57a2d4851a1d" />
    <TestEntry testId="32c0e11f-078a-108a-c337-aa28c2160621" executionId="61c143c5-07eb-4088-b129-ba43eed0ff2c" testListId="8c84fa94-04c1-424b-9868-57a2d4851a1d" />
    <TestEntry testId="11daf255-5f94-36f0-0de9-e013032905d0" executionId="62ebd4d7-fc98-41d3-973f-b5aca4519e3a" testListId="8c84fa94-04c1-424b-9868-57a2d4851a1d" />
    <TestEntry testId="22e9b9ba-cb25-380d-d124-b9d11205d39c" executionId="6f95ee83-168c-42d8-92c5-f96a4e5899f6" testListId="8c84fa94-04c1-424b-9868-57a2d4851a1d" />
    <TestEntry testId="525aa1ad-2545-f4a4-4b74-7f434c27f8ef" executionId="d1df657f-6043-4fc3-830e-aea573fcdc90" testListId="8c84fa94-04c1-424b-9868-57a2d4851a1d" />
    <TestEntry testId="de9993ab-b0f2-a951-279f-a90da1b41e4d" executionId="855d7825-126e-4d0f-a552-c2f6290b6bb8" testListId="8c84fa94-04c1-424b-9868-57a2d4851a1d" />
    <TestEntry testId="11a354b6-e8c6-c0ea-c07b-1ca92ee76653" executionId="e53e84f2-a926-4554-9a60-263361c44902" testListId="8c84fa94-04c1-424b-9868-57a2d4851a1d" />
    <TestEntry testId="6565a1ee-ebe1-6382-16b4-08ecb24a3520" executionId="8b5e7207-464b-40a4-b8fd-7e892dbe80d5" testListId="8c84fa94-04c1-424b-9868-57a2d4851a1d" />
    <TestEntry testId="0f871261-5ac4-1128-33cb-25b34d694289" executionId="021d931b-5bc1-4480-8642-d96d0cc025af" testListId="8c84fa94-04c1-424b-9868-57a2d4851a1d" />
    <TestEntry testId="c1db7dac-d750-5fc2-0ad9-28edbee9d146" executionId="094d90e5-ed44-4a95-849b-bce7327df32b" testListId="8c84fa94-04c1-424b-9868-57a2d4851a1d" />
    <TestEntry testId="0f3f33ad-d66f-c671-96ae-c48caecd3e1d" executionId="2160423a-4a22-4d21-b9c7-dff7d2863389" testListId="8c84fa94-04c1-424b-9868-57a2d4851a1d" />
  </TestEntries>
  <TestLists>
    <TestList name="列表中未列出的结果" id="8c84fa94-04c1-424b-9868-57a2d4851a1d" />
    <TestList name="所有已加载的结果" id="19431567-8539-422a-85d7-44ee4e166bda" />
  </TestLists>
  <ResultSummary outcome="Completed">
    <Counters total="44" executed="44" passed="44" failed="0" error="0" timeout="0" aborted="0" inconclusive="0" passedButRunAborted="0" notRunnable="0" notExecuted="0" disconnected="0" warning="0" completed="0" inProgress="0" pending="0" />
    <Output>
      <StdOut>[xUnit.net 00:00:00.00] xUnit.net VSTest Adapter v2.5.4.1+b9eacec401 (64-bit .NET 10.0.11)
[xUnit.net 00:00:00.04]   Discovering: UniClaw.Host.Tests
[xUnit.net 00:00:00.05]   Discovered:  UniClaw.Host.Tests
[xUnit.net 00:00:00.05]   Starting:    UniClaw.Host.Tests
[xUnit.net 00:00:04.15]   Finished:    UniClaw.Host.Tests
</StdOut>
    </Output>
  </ResultSummary>
</TestRun>